// Jest Snapshot v1, https://goo.gl/fbAQLP

exports[`SalaryForm should render properly 1`] = `
.c0 {
  display: flex;
  flex-direction: column;
  gap: 3rem;
}

.c2 {
  display: flex;
  flex-direction: column;
  align-items: start;
  gap: 2rem;
}

.c3 {
  display: flex;
  flex-wrap: wrap;
  gap: 1rem;
}

.c7 {
  display: inline-block;
  outline: 0;
  cursor: pointer;
  text-align: center;
  border: 0;
  padding: 7px 16px;
  min-height: 36px;
  min-width: 36px;
  color: #ffffff;
  background: #008060;
  border-radius: 4px;
  font-weight: 500;
  font-size: 14px;
  box-shadow: rgba(0, 0, 0, 0.05) 0px 1px 0px 0px,rgba(0, 0, 0, 0.2) 0px -1px 0px 0px inset;
}

.c7 :hover {
  background: #006e52;
}

.c1 {
  margin: 0;
  color: inherit;
  font-size: 2.4rem;
  font-weight: 400;
  letter-spacing: -0.04rem;
  line-height: 3.2rem;
  text-align: initial;
}

.c4 {
  position: relative;
}

.c6 {
  position: absolute;
  font-size: 1rem;
  left: 0;
  top: 50%;
  transform: translateY(-50%);
  background-color: white;
  color: gray;
  padding: 0 0.3rem;
  margin: 0 0.5rem;
  transition: 0.1s ease-out;
  transform-origin: left top;
  pointer-events: none;
}

.c5 {
  font-size: 1rem;
  outline: none;
  border: 1px solid gray;
  border-radius: 5px;
  padding: 0.5rem 0.7rem;
  color: gray;
  transition: 0.1s ease-out;
}

.c5:focus {
  border-color: #6200ee;
}

.c5:focus+label {
  color: #6200ee;
  top: 0;
  transform: translateY(-50%) scale(0.9);
}

.c5:not(:placeholder-shown)+label {
  top: 0;
  transform: translateY(-50%) scale(0.9);
}

<div>
  <div
    class="c0"
    flexdirection="column"
    gap="3rem"
  >
    <h3
      class="c1"
      textalign="initial"
      textcolor="inherit"
      textvariant="h3"
    >
      line1
    </h3>
    <div
      alignitems="start"
      class="c2"
      flexdirection="column"
      gap="2rem"
    >
      <div
        class="c3"
        flexwrap="wrap"
        gap="1rem"
      >
        <div
          class="c4"
        >
          <input
            class="c5"
            type="text"
          />
          <label
            class="c6"
          />
        </div>
      </div>
      <button
        class="c7"
        type="button"
      >
        Save
      </button>
    </div>
  </div>
</div>
`;
