// Jest Snapshot v1, https://goo.gl/fbAQLP

exports[`Box > should render properly 1`] = `
<div>
  <div
    class="sc-eLqIir imGpmR"
  />
</div>
`;

exports[`Box > should render properly 2`] = `
<div>
  <div
    class="sc-eLqIir imGpmR"
  />
</div>
`;

exports[`Box > should render with content 1`] = `
<div>
  <div
    class="sc-eLqIir imGpmR"
  />
</div>
`;

exports[`Box should render properly 1`] = `
<div>
  <div
    class="sc-eLqIir imGpmR"
  />
</div>
`;
