// Jest Snapshot v1, https://goo.gl/fbAQLP

exports[`SankeyChart should render properly 1`] = `
.c0 {
  display: flex;
  flex-direction: column;
}

.c1 {
  margin: 0;
  color: inherit;
  font-size: 2.4rem;
  font-weight: 400;
  letter-spacing: -0.04rem;
  line-height: 3.2rem;
  text-align: initial;
}

<div>
  <div
    class="c0"
    flexdirection="column"
  >
    <h3
      class="c1"
      textalign="initial"
      textcolor="inherit"
      textvariant="h3"
    >
      line2
    </h3>
  </div>
</div>
`;
